Added Component: Designator=C1(Cap 0603)
Added Component: Designator=C2(Cap 0603)
Added Component: Designator=C9(Cap 0603)
Added Component: Designator=C?(Cap 0603)
Added Component: Designator=J1(CON RF)
Add component (AddParameter): Name = "Body Length"; Value = "4 mm"; VariantName = "[No Variations]"
Add component (AddParameter): Name = "Class"; Value = "Connector"; VariantName = "[No Variations]"
Add component (AddParameter): Name = "Datasheet"; Value = "http://www.molex.com/webdocs/datasheets/pdf/en-us/0734120110_RF_COAX_CONNECTORS.pdf"; VariantName = "[No Variations]"
Add component (AddParameter): Name = "IEC-class"; Value = "Connector"; VariantName = "[No Variations]"
Add component (AddParameter): Name = "Sub-class"; Value = "Serial Bus"; VariantName = "[No Variations]"
Add component (AddParameter): Name = "Terminal Pitch"; Value = "3 mm"; VariantName = "[No Variations]"
Added Component: Designator=U1(LCC-40_L15.6-W15.0-P1.00_RAK3172)
Added Pin To Net: NetName=+3.3V Pin=C1-2
Added Pin To Net: NetName=+3.3V Pin=C2-1
Added Pin To Net: NetName=+3.3V Pin=U1-24
Added Net: Name=+3.3V
Added Pin To Net: NetName=GND Pin=C1-1
Added Pin To Net: NetName=GND Pin=C2-2
Added Pin To Net: NetName=GND Pin=C9-2
Added Pin To Net: NetName=GND Pin=C?-1
Added Pin To Net: NetName=GND Pin=J1-2
Added Pin To Net: NetName=GND Pin=J1-3
Added Pin To Net: NetName=GND Pin=J1-4
Added Net: Name=GND
Added Pin To Net: NetName=RF Pin=C9-1
Added Pin To Net: NetName=RF Pin=C?-2
Added Pin To Net: NetName=RF Pin=J1-1
Added Pin To Net: NetName=RF Pin=U1-12
Added Net: Name=RF
Added Class: Name=Sheet1
Added Room: Name=Sheet1
